
================================================================================
  TEST 1 ù PDF CLASSIFICATION (Both PDFs)
================================================================================
python : Traceback (most recent call last):
At line:1 char:1
+ python real_execution_test.py 2>&1 > test_output.txt; Write-Host "Tes ...
+ ~~~~~~~~~~~~~~~~~~~~~~~~~~~~~~~~~~~~~~~~~~~~~~~~~~~~
    + CategoryInfo          : NotSpecified: (Traceback (most recent call last) 
   ::String) [], RemoteException
    + FullyQualifiedErrorId : NativeCommandError
 
  File "D:\Crew_control\real_execution_test.py", line 80, in <module>
    subsection(label)
    ~~~~~~~~~~^^^^^^^
  File "D:\Crew_control\real_execution_test.py", line 58, in subsection
    print(f"\n{'\u2500' * 60}")
    ~~~~~^^^^^^^^^^^^^^^^^
  File "D:\Python\Lib\encodings\cp1252.py", line 19, in encode
    return codecs.charmap_encode(input,self.errors,encoding_table)[0]
           ~~~~~~~~~~~~~~~~~~~~~^^^^^^^^^^^^^^^^^^^^^^^^^^^^^^^^^^
UnicodeEncodeError: 'charmap' codec can't encode characters in position 2-61: 
character maps to <undefined>
